// 重构日志: 91b9f5b6
// 重构日志: 4a6d6d17
// 重构日志: 475cf6c6
// 同步 ID: d1f2c01e @ Mon Jul 27 09:23:41 UTC 2026
// 同步 ID: 789e8268 @ Mon Jul 27 15:40:24 UTC 2026
// 同步 ID: 4c087cb0 @ Wed Jul 29 16:33:52 UTC 2026
// 重构日志: 28520c96
// 重构日志: ba073e4b
// 重构日志: e86078c2
// 重构日志: 239b06eb
// 重构日志: 0aef418d
// 重构日志: 97e06440
// 重构日志: d80ee63a
// 同步 ID: fd8d6c83 @ Fri Jul 31 17:33:06 UTC 2026
// 同步 ID: 9d872af7 @ Sat Aug  1 05:21:22 UTC 2026
// 重构日志: 634a4174
// 同步 ID: ae790494 @ Sun Aug  2 02:02:58 UTC 2026
// 同步 ID: 0bef70c4 @ Sun Aug  2 05:25:39 UTC 2026
// 同步 ID: a9ac6f6c @ Sun Aug  2 08:02:40 UTC 2026
// 重构日志: 669f59e6
// 同步 ID: 2eeddf6e @ Sun Aug  2 16:29:16 UTC 2026
// 同步 ID: 31f8d89d @ Mon Aug  3 01:54:28 UTC 2026
// 重构日志: 7eacdefa
// 同步 ID: 20975986 @ Mon Aug  3 09:00:36 UTC 2026
// 同步 ID: f30b6cc1 @ Tue Aug  4 08:16:11 UTC 2026
// 重构日志: 12cdd1a2
// 重构日志: 28b705dc
// 重构日志: b6fda23d
// 重构日志: 2e4bbf30
// 同步 ID: d989e95d @ Wed Aug  5 08:13:04 UTC 2026
// 重构日志: 839db502
// 重构日志: 6ce4ff6d
// 重构日志: b2fb67c3
// 重构日志: a55be822
